<html>
<body>
<pre>
<h1>礦ision Build Log</h1>
<h2>Tool Versions:</h2>
IDE-Version: μVision V5.14.0.0
Copyright (C) 2015 ARM Ltd and ARM Germany GmbH. All rights reserved.
License Information: JSY PHW, YERY, LIC=TIVFW-QSQ76-11WPY-I5S9T-HWEZP-RX2ZR
 
Tool Versions:
Toolchain:       MDK-ARM Standard  Version: 5.14.0.0
Toolchain Path:  D:\Keil_v5\ARM\ARMCC\Bin
C Compiler:      Armcc.exe V5.05 update 1 (build 106)
Assembler:       Armasm.exe V5.05 update 1 (build 106)
Linker/Locator:  ArmLink.exe V5.05 update 1 (build 106)
Library Manager: ArmAr.exe V5.05 update 1 (build 106)
Hex Converter:   FromElf.exe V5.05 update 1 (build 106)
CPU DLL:         SARMCM3.DLL V5.14.0.0
Dialog DLL:      DARMSTM.DLL V1.65.0.0
Target DLL:      UL2CM3.DLL V1.155.0.0
Dialog DLL:      TARMSTM.DLL V1.64.0.0
 
<h2>Project:</h2>
E:\BaiduNetdiskDownload\全球鹰电子LD3320资料包\3 代码\stm32f103ze76\Open103Z\Project\RVMDK(uv4)\iSO-STM32.uvprojx
Project File Date:  05/07/2020

<h2>Output:</h2>
Build target 'USART'
compiling main.c...
compiling LD3320.c...
linking...
Program Size: Code=8356 RO-data=436 RW-data=48 ZI-data=1024  
FromELF: creating hex file...
"..\..\Output\Template.axf" - 0 Error(s), 0 Warning(s).

<h2>Collection of Component include folders:</h2>
  E:\BaiduNetdiskDownload\全球鹰电子LD3320资料包\3 代码\stm32f103ze76\Open103Z\Project\RVMDK(uv4)\RTE
  D:\Keil_v5\ARM\PACK\Keil\STM32F1xx_DFP\2.1.0

<h2>Collection of Component Files used:</h2>
</pre>
</body>
</html>
